// Jest Snapshot v1, https://goo.gl/fbAQLP

exports[`<Avatar /> renders Avatar 1`] = `
<styled.img
  alt="Eva"
  size="medium"
  src="/images/Eva_lg.jpg"
/>
`;
